S#       Sname      Ssex Sage        D#   Sclass
-------- ---------- ---- ----------- ---- ------
98030101 张三         男    20          03   980301
98030102 张四         男    20          03   980301
98030103 张五         男    19          03   980301
98040201 王三         男    20          04   980402
98040202 王四         男    21          04   980402
98040203 王五         女    19          04   980402

(6 行受影响)

D#   Dname      Dean
---- ---------- ----------
01   机电         李三      
02   能源         李四      
03   计算机        李五      
04   自动控制       李六      

(4 行受影响)

T#   Tname      D#   Salary
---- ---------- ---- -------------
001  赵三         01   1200
002  赵四         03   1400
003  赵五         03   1000
004  赵六         04   1100

(4 行受影响)

C#   Cname        Chours      Credit        T#
---- ------------ ----------- ------------- ----
001  数据库          40          6             001
002  高等数学         80          12            004
003  数据结构         40          6             003
004  编译原理         40          6             001
005  C 语言         30          4.5           003

(5 行受影响)

S#       C#   Score
-------- ---- -------------
98030101 001  92
98030101 002  85
98030101 003  88
98040202 002  90
98040202 003  80
98040202 001  55
98040203 003  56
98030102 001  54
98030102 002  85
98030102 003  48

(10 行受影响)

