S#       Sname
-------- ----------
98030101 张三      

(1 行受影响)

S#       Sname
-------- ----------

(0 行受影响)

AVG(Salary)
----------------------
1200

(1 行受影响)

Sname      Sage        Birthday
---------- ----------- -----------
张三         20          1998
张四         20          1998
张五         19          1999
王三         20          1998
王四         21          1997
王五         19          1999

(6 行受影响)

S#       Sname
-------- ----------
98030101 张三      
98040202 王四      
98030102 张四      

(3 行受影响)

S#       Sname
-------- ----------
98030101 张三      
98030102 张四      
98040202 王四      

(3 行受影响)

S#       Sname
-------- ----------
98030102 张四      

(1 行受影响)

S#       Sname      Score
-------- ---------- -------------
98030101 张三         88
98040202 王四         80
98040203 王五         56
98030102 张四         48

(4 行受影响)

Sname      S#       AVG(Score)
---------- -------- ----------------------
王五         98040203 56

(1 行受影响)

